2024-05-21T10:04:44.653+06:00  INFO 40549 --- [ERP SCM] [main] c.a.aesl.erpscm.ErpScmApplicationTests   : Starting ErpScmApplicationTests using Java 17.0.10 with PID 40549 (started by user in /home/user/projects/erp-scm)
2024-05-21T10:04:44.659+06:00  INFO 40549 --- [ERP SCM] [main] c.a.aesl.erpscm.ErpScmApplicationTests   : No active profile set, falling back to 1 default profile: "default"
2024-05-21T10:04:45.287+06:00  INFO 40549 --- [ERP SCM] [main] .s.d.r.c.RepositoryConfigurationDelegate : Bootstrapping Spring Data JPA repositories in DEFAULT mode.
2024-05-21T10:04:45.391+06:00  INFO 40549 --- [ERP SCM] [main] .s.d.r.c.RepositoryConfigurationDelegate : Finished Spring Data repository scanning in 95 ms. Found 9 JPA repository interfaces.
2024-05-21T10:04:45.797+06:00 DEBUG 40549 --- [ERP SCM] [main] com.zaxxer.hikari.HikariConfig           : Driver class com.mysql.cj.jdbc.Driver found in Thread context class loader jdk.internal.loader.ClassLoaders$AppClassLoader@2cdf8d8a
2024-05-21T10:04:45.915+06:00  INFO 40549 --- [ERP SCM] [main] o.hibernate.jpa.internal.util.LogHelper  : HHH000204: Processing PersistenceUnitInfo [name: default]
2024-05-21T10:04:45.998+06:00  INFO 40549 --- [ERP SCM] [main] org.hibernate.Version                    : HHH000412: Hibernate ORM core version 6.4.4.Final
2024-05-21T10:04:46.040+06:00  INFO 40549 --- [ERP SCM] [main] o.h.c.internal.RegionFactoryInitiator    : HHH000026: Second-level cache disabled
2024-05-21T10:04:46.295+06:00  INFO 40549 --- [ERP SCM] [main] o.s.o.j.p.SpringPersistenceUnitInfo      : No LoadTimeWeaver setup: ignoring JPA class transformer
2024-05-21T10:04:46.326+06:00 DEBUG 40549 --- [ERP SCM] [main] com.zaxxer.hikari.HikariConfig           : SpringBootJPAHikariCP - configuration:
2024-05-21T10:04:46.331+06:00 DEBUG 40549 --- [ERP SCM] [main] com.zaxxer.hikari.HikariConfig           : allowPoolSuspension.............false
2024-05-21T10:04:46.331+06:00 DEBUG 40549 --- [ERP SCM] [main] com.zaxxer.hikari.HikariConfig           : autoCommit......................true
2024-05-21T10:04:46.332+06:00 DEBUG 40549 --- [ERP SCM] [main] com.zaxxer.hikari.HikariConfig           : catalog.........................none
2024-05-21T10:04:46.332+06:00 DEBUG 40549 --- [ERP SCM] [main] com.zaxxer.hikari.HikariConfig           : connectionInitSql...............none
2024-05-21T10:04:46.332+06:00 DEBUG 40549 --- [ERP SCM] [main] com.zaxxer.hikari.HikariConfig           : connectionTestQuery.............none
2024-05-21T10:04:46.332+06:00 DEBUG 40549 --- [ERP SCM] [main] com.zaxxer.hikari.HikariConfig           : connectionTimeout...............30000
2024-05-21T10:04:46.332+06:00 DEBUG 40549 --- [ERP SCM] [main] com.zaxxer.hikari.HikariConfig           : dataSource......................none
2024-05-21T10:04:46.333+06:00 DEBUG 40549 --- [ERP SCM] [main] com.zaxxer.hikari.HikariConfig           : dataSourceClassName.............none
2024-05-21T10:04:46.333+06:00 DEBUG 40549 --- [ERP SCM] [main] com.zaxxer.hikari.HikariConfig           : dataSourceJNDI..................none
2024-05-21T10:04:46.333+06:00 DEBUG 40549 --- [ERP SCM] [main] com.zaxxer.hikari.HikariConfig           : dataSourceProperties............{password=<masked>}
2024-05-21T10:04:46.334+06:00 DEBUG 40549 --- [ERP SCM] [main] com.zaxxer.hikari.HikariConfig           : driverClassName................."com.mysql.cj.jdbc.Driver"
2024-05-21T10:04:46.334+06:00 DEBUG 40549 --- [ERP SCM] [main] com.zaxxer.hikari.HikariConfig           : exceptionOverrideClassName......none
2024-05-21T10:04:46.334+06:00 DEBUG 40549 --- [ERP SCM] [main] com.zaxxer.hikari.HikariConfig           : healthCheckProperties...........{}
2024-05-21T10:04:46.334+06:00 DEBUG 40549 --- [ERP SCM] [main] com.zaxxer.hikari.HikariConfig           : healthCheckRegistry.............none
2024-05-21T10:04:46.334+06:00 DEBUG 40549 --- [ERP SCM] [main] com.zaxxer.hikari.HikariConfig           : idleTimeout.....................30000
2024-05-21T10:04:46.335+06:00 DEBUG 40549 --- [ERP SCM] [main] com.zaxxer.hikari.HikariConfig           : initializationFailTimeout.......1
2024-05-21T10:04:46.335+06:00 DEBUG 40549 --- [ERP SCM] [main] com.zaxxer.hikari.HikariConfig           : isolateInternalQueries..........false
2024-05-21T10:04:46.335+06:00 DEBUG 40549 --- [ERP SCM] [main] com.zaxxer.hikari.HikariConfig           : jdbcUrl.........................jdbc:mysql://172.17.17.254:3306/erp_scm?useUnicode=yes&characterEncoding=UTF-8&characterSetResults=UTF-8
2024-05-21T10:04:46.335+06:00 DEBUG 40549 --- [ERP SCM] [main] com.zaxxer.hikari.HikariConfig           : keepaliveTime...................0
2024-05-21T10:04:46.335+06:00 DEBUG 40549 --- [ERP SCM] [main] com.zaxxer.hikari.HikariConfig           : leakDetectionThreshold..........0
2024-05-21T10:04:46.335+06:00 DEBUG 40549 --- [ERP SCM] [main] com.zaxxer.hikari.HikariConfig           : maxLifetime.....................2000000
2024-05-21T10:04:46.336+06:00 DEBUG 40549 --- [ERP SCM] [main] com.zaxxer.hikari.HikariConfig           : maximumPoolSize.................15
2024-05-21T10:04:46.336+06:00 DEBUG 40549 --- [ERP SCM] [main] com.zaxxer.hikari.HikariConfig           : metricRegistry..................none
2024-05-21T10:04:46.336+06:00 DEBUG 40549 --- [ERP SCM] [main] com.zaxxer.hikari.HikariConfig           : metricsTrackerFactory...........none
2024-05-21T10:04:46.336+06:00 DEBUG 40549 --- [ERP SCM] [main] com.zaxxer.hikari.HikariConfig           : minimumIdle.....................1
2024-05-21T10:04:46.336+06:00 DEBUG 40549 --- [ERP SCM] [main] com.zaxxer.hikari.HikariConfig           : password........................<masked>
2024-05-21T10:04:46.336+06:00 DEBUG 40549 --- [ERP SCM] [main] com.zaxxer.hikari.HikariConfig           : poolName........................"SpringBootJPAHikariCP"
2024-05-21T10:04:46.337+06:00 DEBUG 40549 --- [ERP SCM] [main] com.zaxxer.hikari.HikariConfig           : readOnly........................false
2024-05-21T10:04:46.337+06:00 DEBUG 40549 --- [ERP SCM] [main] com.zaxxer.hikari.HikariConfig           : registerMbeans..................false
2024-05-21T10:04:46.337+06:00 DEBUG 40549 --- [ERP SCM] [main] com.zaxxer.hikari.HikariConfig           : scheduledExecutor...............none
2024-05-21T10:04:46.337+06:00 DEBUG 40549 --- [ERP SCM] [main] com.zaxxer.hikari.HikariConfig           : schema..........................none
2024-05-21T10:04:46.337+06:00 DEBUG 40549 --- [ERP SCM] [main] com.zaxxer.hikari.HikariConfig           : threadFactory...................internal
2024-05-21T10:04:46.337+06:00 DEBUG 40549 --- [ERP SCM] [main] com.zaxxer.hikari.HikariConfig           : transactionIsolation............default
2024-05-21T10:04:46.338+06:00 DEBUG 40549 --- [ERP SCM] [main] com.zaxxer.hikari.HikariConfig           : username........................"root"
2024-05-21T10:04:46.338+06:00 DEBUG 40549 --- [ERP SCM] [main] com.zaxxer.hikari.HikariConfig           : validationTimeout...............5000
2024-05-21T10:04:46.338+06:00  INFO 40549 --- [ERP SCM] [main] com.zaxxer.hikari.HikariDataSource       : SpringBootJPAHikariCP - Starting...
2024-05-21T10:04:46.674+06:00  INFO 40549 --- [ERP SCM] [main] com.zaxxer.hikari.pool.HikariPool        : SpringBootJPAHikariCP - Added connection com.mysql.cj.jdbc.ConnectionImpl@50bf795f
2024-05-21T10:04:46.677+06:00  INFO 40549 --- [ERP SCM] [main] com.zaxxer.hikari.HikariDataSource       : SpringBootJPAHikariCP - Start completed.
2024-05-21T10:04:46.741+06:00  WARN 40549 --- [ERP SCM] [main] org.hibernate.orm.deprecation            : HHH90000025: MySQL8Dialect does not need to be specified explicitly using 'hibernate.dialect' (remove the property setting and it will be selected by default)
2024-05-21T10:04:46.743+06:00  WARN 40549 --- [ERP SCM] [main] org.hibernate.orm.deprecation            : HHH90000026: MySQL8Dialect has been deprecated; use org.hibernate.dialect.MySQLDialect instead
2024-05-21T10:04:47.707+06:00  INFO 40549 --- [ERP SCM] [main] o.h.e.t.j.p.i.JtaPlatformInitiator       : HHH000489: No JTA platform available (set 'hibernate.transaction.jta.platform' to enable JTA platform integration)
2024-05-21T10:04:47.984+06:00  INFO 40549 --- [ERP SCM] [main] j.LocalContainerEntityManagerFactoryBean : Initialized JPA EntityManagerFactory for persistence unit 'default'
2024-05-21T10:04:48.274+06:00  INFO 40549 --- [ERP SCM] [main] o.s.d.j.r.query.QueryEnhancerFactory     : Hibernate is in classpath; If applicable, HQL parser will be used.
2024-05-21T10:04:49.030+06:00  WARN 40549 --- [ERP SCM] [main] JpaBaseConfiguration$JpaWebConfiguration : spring.jpa.open-in-view is enabled by default. Therefore, database queries may be performed during view rendering. Explicitly configure spring.jpa.open-in-view to disable this warning
2024-05-21T10:04:49.375+06:00  INFO 40549 --- [ERP SCM] [main] o.s.s.web.DefaultSecurityFilterChain     : Will secure any request with [org.springframework.security.web.session.DisableEncodeUrlFilter@120e3ebb, org.springframework.security.web.context.request.async.WebAsyncManagerIntegrationFilter@753f1c3e, org.springframework.security.web.context.SecurityContextHolderFilter@43c16e17, org.springframework.security.web.header.HeaderWriterFilter@e646b14, org.springframework.web.filter.CorsFilter@5e9af5d4, org.springframework.security.web.csrf.CsrfFilter@7f6a0c29, org.springframework.security.web.authentication.logout.LogoutFilter@4b54bed2, org.springframework.security.oauth2.server.resource.web.authentication.BearerTokenAuthenticationFilter@3543c9a4, org.springframework.security.web.savedrequest.RequestCacheAwareFilter@6fec6b75, org.springframework.security.web.servletapi.SecurityContextHolderAwareRequestFilter@74cca90, org.springframework.security.web.authentication.AnonymousAuthenticationFilter@6fd2b939, org.springframework.security.web.access.ExceptionTranslationFilter@77f3bb3f, org.springframework.security.web.access.intercept.AuthorizationFilter@3cce6db1]
2024-05-21T10:04:49.703+06:00  INFO 40549 --- [ERP SCM] [main] c.a.aesl.erpscm.ErpScmApplicationTests   : Started ErpScmApplicationTests in 5.269 seconds (process running for 6.056)
2024-05-21T10:04:50.241+06:00  INFO 40549 --- [ERP SCM] [SpringApplicationShutdownHook] j.LocalContainerEntityManagerFactoryBean : Closing JPA EntityManagerFactory for persistence unit 'default'
2024-05-21T10:04:50.243+06:00  INFO 40549 --- [ERP SCM] [SpringApplicationShutdownHook] com.zaxxer.hikari.HikariDataSource       : SpringBootJPAHikariCP - Shutdown initiated...
2024-05-21T10:04:50.246+06:00  INFO 40549 --- [ERP SCM] [SpringApplicationShutdownHook] com.zaxxer.hikari.HikariDataSource       : SpringBootJPAHikariCP - Shutdown completed.
2024-05-29T17:11:25.387+06:00  INFO 42643 --- [ERP SCM] [main] com.agi.aesl.erpscm.ErpScmApplication    : Starting ErpScmApplication using Java 17.0.10 with PID 42643 (/home/user/projects/erp-scm/target/classes started by user in /home/user/projects/erp-scm)
2024-05-29T17:11:25.389+06:00  INFO 42643 --- [ERP SCM] [main] com.agi.aesl.erpscm.ErpScmApplication    : No active profile set, falling back to 1 default profile: "default"
2024-05-29T17:11:26.103+06:00  INFO 42643 --- [ERP SCM] [main] .s.d.r.c.RepositoryConfigurationDelegate : Bootstrapping Spring Data JPA repositories in DEFAULT mode.
2024-05-29T17:11:26.230+06:00  INFO 42643 --- [ERP SCM] [main] .s.d.r.c.RepositoryConfigurationDelegate : Finished Spring Data repository scanning in 113 ms. Found 11 JPA repository interfaces.
2024-05-29T17:11:26.910+06:00  INFO 42643 --- [ERP SCM] [main] o.s.b.w.embedded.tomcat.TomcatWebServer  : Tomcat initialized with port 8085 (http)
2024-05-29T17:11:26.924+06:00  INFO 42643 --- [ERP SCM] [main] o.apache.catalina.core.StandardService   : Starting service [Tomcat]
2024-05-29T17:11:26.924+06:00  INFO 42643 --- [ERP SCM] [main] o.apache.catalina.core.StandardEngine    : Starting Servlet engine: [Apache Tomcat/10.1.20]
2024-05-29T17:11:26.989+06:00  INFO 42643 --- [ERP SCM] [main] o.a.c.c.C.[Tomcat].[localhost].[/]       : Initializing Spring embedded WebApplicationContext
2024-05-29T17:11:26.990+06:00  INFO 42643 --- [ERP SCM] [main] w.s.c.ServletWebServerApplicationContext : Root WebApplicationContext: initialization completed in 1542 ms
2024-05-29T17:11:27.075+06:00 DEBUG 42643 --- [ERP SCM] [main] com.zaxxer.hikari.HikariConfig           : Driver class com.mysql.cj.jdbc.Driver found in Thread context class loader jdk.internal.loader.ClassLoaders$AppClassLoader@2cdf8d8a
2024-05-29T17:11:27.175+06:00  INFO 42643 --- [ERP SCM] [main] o.hibernate.jpa.internal.util.LogHelper  : HHH000204: Processing PersistenceUnitInfo [name: default]
2024-05-29T17:11:27.223+06:00  INFO 42643 --- [ERP SCM] [main] org.hibernate.Version                    : HHH000412: Hibernate ORM core version 6.4.4.Final
2024-05-29T17:11:27.256+06:00  INFO 42643 --- [ERP SCM] [main] o.h.c.internal.RegionFactoryInitiator    : HHH000026: Second-level cache disabled
2024-05-29T17:11:27.465+06:00  INFO 42643 --- [ERP SCM] [main] o.s.o.j.p.SpringPersistenceUnitInfo      : No LoadTimeWeaver setup: ignoring JPA class transformer
2024-05-29T17:11:27.489+06:00 DEBUG 42643 --- [ERP SCM] [main] com.zaxxer.hikari.HikariConfig           : SpringBootJPAHikariCP - configuration:
2024-05-29T17:11:27.494+06:00 DEBUG 42643 --- [ERP SCM] [main] com.zaxxer.hikari.HikariConfig           : allowPoolSuspension.............false
2024-05-29T17:11:27.494+06:00 DEBUG 42643 --- [ERP SCM] [main] com.zaxxer.hikari.HikariConfig           : autoCommit......................true
2024-05-29T17:11:27.494+06:00 DEBUG 42643 --- [ERP SCM] [main] com.zaxxer.hikari.HikariConfig           : catalog.........................none
2024-05-29T17:11:27.494+06:00 DEBUG 42643 --- [ERP SCM] [main] com.zaxxer.hikari.HikariConfig           : connectionInitSql...............none
2024-05-29T17:11:27.495+06:00 DEBUG 42643 --- [ERP SCM] [main] com.zaxxer.hikari.HikariConfig           : connectionTestQuery.............none
2024-05-29T17:11:27.495+06:00 DEBUG 42643 --- [ERP SCM] [main] com.zaxxer.hikari.HikariConfig           : connectionTimeout...............30000
2024-05-29T17:11:27.495+06:00 DEBUG 42643 --- [ERP SCM] [main] com.zaxxer.hikari.HikariConfig           : dataSource......................none
2024-05-29T17:11:27.495+06:00 DEBUG 42643 --- [ERP SCM] [main] com.zaxxer.hikari.HikariConfig           : dataSourceClassName.............none
2024-05-29T17:11:27.495+06:00 DEBUG 42643 --- [ERP SCM] [main] com.zaxxer.hikari.HikariConfig           : dataSourceJNDI..................none
2024-05-29T17:11:27.496+06:00 DEBUG 42643 --- [ERP SCM] [main] com.zaxxer.hikari.HikariConfig           : dataSourceProperties............{password=<masked>}
2024-05-29T17:11:27.496+06:00 DEBUG 42643 --- [ERP SCM] [main] com.zaxxer.hikari.HikariConfig           : driverClassName................."com.mysql.cj.jdbc.Driver"
2024-05-29T17:11:27.497+06:00 DEBUG 42643 --- [ERP SCM] [main] com.zaxxer.hikari.HikariConfig           : exceptionOverrideClassName......none
2024-05-29T17:11:27.497+06:00 DEBUG 42643 --- [ERP SCM] [main] com.zaxxer.hikari.HikariConfig           : healthCheckProperties...........{}
2024-05-29T17:11:27.497+06:00 DEBUG 42643 --- [ERP SCM] [main] com.zaxxer.hikari.HikariConfig           : healthCheckRegistry.............none
2024-05-29T17:11:27.497+06:00 DEBUG 42643 --- [ERP SCM] [main] com.zaxxer.hikari.HikariConfig           : idleTimeout.....................30000
2024-05-29T17:11:27.498+06:00 DEBUG 42643 --- [ERP SCM] [main] com.zaxxer.hikari.HikariConfig           : initializationFailTimeout.......1
2024-05-29T17:11:27.498+06:00 DEBUG 42643 --- [ERP SCM] [main] com.zaxxer.hikari.HikariConfig           : isolateInternalQueries..........false
2024-05-29T17:11:27.499+06:00 DEBUG 42643 --- [ERP SCM] [main] com.zaxxer.hikari.HikariConfig           : jdbcUrl.........................jdbc:mysql://172.17.17.254:3306/erp_scm?useUnicode=yes&characterEncoding=UTF-8&characterSetResults=UTF-8
2024-05-29T17:11:27.499+06:00 DEBUG 42643 --- [ERP SCM] [main] com.zaxxer.hikari.HikariConfig           : keepaliveTime...................0
2024-05-29T17:11:27.499+06:00 DEBUG 42643 --- [ERP SCM] [main] com.zaxxer.hikari.HikariConfig           : leakDetectionThreshold..........0
2024-05-29T17:11:27.499+06:00 DEBUG 42643 --- [ERP SCM] [main] com.zaxxer.hikari.HikariConfig           : maxLifetime.....................2000000
2024-05-29T17:11:27.499+06:00 DEBUG 42643 --- [ERP SCM] [main] com.zaxxer.hikari.HikariConfig           : maximumPoolSize.................15
2024-05-29T17:11:27.499+06:00 DEBUG 42643 --- [ERP SCM] [main] com.zaxxer.hikari.HikariConfig           : metricRegistry..................none
2024-05-29T17:11:27.500+06:00 DEBUG 42643 --- [ERP SCM] [main] com.zaxxer.hikari.HikariConfig           : metricsTrackerFactory...........none
2024-05-29T17:11:27.500+06:00 DEBUG 42643 --- [ERP SCM] [main] com.zaxxer.hikari.HikariConfig           : minimumIdle.....................1
2024-05-29T17:11:27.500+06:00 DEBUG 42643 --- [ERP SCM] [main] com.zaxxer.hikari.HikariConfig           : password........................<masked>
2024-05-29T17:11:27.500+06:00 DEBUG 42643 --- [ERP SCM] [main] com.zaxxer.hikari.HikariConfig           : poolName........................"SpringBootJPAHikariCP"
2024-05-29T17:11:27.501+06:00 DEBUG 42643 --- [ERP SCM] [main] com.zaxxer.hikari.HikariConfig           : readOnly........................false
2024-05-29T17:11:27.501+06:00 DEBUG 42643 --- [ERP SCM] [main] com.zaxxer.hikari.HikariConfig           : registerMbeans..................false
2024-05-29T17:11:27.501+06:00 DEBUG 42643 --- [ERP SCM] [main] com.zaxxer.hikari.HikariConfig           : scheduledExecutor...............none
2024-05-29T17:11:27.501+06:00 DEBUG 42643 --- [ERP SCM] [main] com.zaxxer.hikari.HikariConfig           : schema..........................none
2024-05-29T17:11:27.502+06:00 DEBUG 42643 --- [ERP SCM] [main] com.zaxxer.hikari.HikariConfig           : threadFactory...................internal
2024-05-29T17:11:27.502+06:00 DEBUG 42643 --- [ERP SCM] [main] com.zaxxer.hikari.HikariConfig           : transactionIsolation............default
2024-05-29T17:11:27.502+06:00 DEBUG 42643 --- [ERP SCM] [main] com.zaxxer.hikari.HikariConfig           : username........................"root"
2024-05-29T17:11:27.502+06:00 DEBUG 42643 --- [ERP SCM] [main] com.zaxxer.hikari.HikariConfig           : validationTimeout...............5000
2024-05-29T17:11:27.502+06:00  INFO 42643 --- [ERP SCM] [main] com.zaxxer.hikari.HikariDataSource       : SpringBootJPAHikariCP - Starting...
2024-05-29T17:11:27.835+06:00  INFO 42643 --- [ERP SCM] [main] com.zaxxer.hikari.pool.HikariPool        : SpringBootJPAHikariCP - Added connection com.mysql.cj.jdbc.ConnectionImpl@50df37eb
2024-05-29T17:11:27.838+06:00  INFO 42643 --- [ERP SCM] [main] com.zaxxer.hikari.HikariDataSource       : SpringBootJPAHikariCP - Start completed.
2024-05-29T17:11:27.891+06:00  WARN 42643 --- [ERP SCM] [main] org.hibernate.orm.deprecation            : HHH90000025: MySQL8Dialect does not need to be specified explicitly using 'hibernate.dialect' (remove the property setting and it will be selected by default)
2024-05-29T17:11:27.892+06:00  WARN 42643 --- [ERP SCM] [main] org.hibernate.orm.deprecation            : HHH90000026: MySQL8Dialect has been deprecated; use org.hibernate.dialect.MySQLDialect instead
